[    0.000000] Linux version 4.15.0-142-generic (buildd@lgw01-amd64-036) (gcc version 7.5.0 (Ubuntu 7.5.0-3ubuntu1~18.04)) #146-Ubuntu SMP Tue Apr 13 01:11:19 UTC 2021 (Ubuntu 4.15.0-142.146-generic 4.15.18)
[    0.000000] Command line: BOOT_IMAGE=/boot/vmlinuz-4.15.0-142-generic root=LABEL=cloudimg-rootfs ro console=tty1 console=ttyS0
[    0.000000] KERNEL supported cpus:
[    0.000000]   Intel GenuineIntel
[    0.000000]   AMD AuthenticAMD
[    0.000000]   Centaur CentaurHauls
[    0.000000] x86/fpu: Supporting XSAVE feature 0x001: 'x87 floating point registers'
[    0.000000] x86/fpu: Supporting XSAVE feature 0x002: 'SSE registers'
[    0.000000] x86/fpu: Supporting XSAVE feature 0x004: 'AVX registers'
[    0.000000] x86/fpu: xstate_offset[2]:  576, xstate_sizes[2]:  256
[    0.000000] x86/fpu: Enabled xstate features 0x7, context size is 832 bytes, using 'standard' format.
[    0.000000] e820: BIOS-provided physical RAM map:
[    0.000000] BIOS-e820: [mem 0x0000000000000000-0x000000000009fbff] usable
[    0.000000] BIOS-e820: [mem 0x000000000009fc00-0x000000000009ffff] reserved
[    0.000000] BIOS-e820: [mem 0x00000000000f0000-0x00000000000fffff] reserved
[    0.000000] BIOS-e820: [mem 0x0000000000100000-0x000000003ffeffff] usable
[    0.000000] BIOS-e820: [mem 0x000000003fff0000-0x000000003fffffff] ACPI data
[    0.000000] BIOS-e820: [mem 0x00000000fec00000-0x00000000fec00fff] reserved
[    0.000000] BIOS-e820: [mem 0x00000000fee00000-0x00000000fee00fff] reserved
[    0.000000] BIOS-e820: [mem 0x00000000fffc0000-0x00000000ffffffff] reserved
[    0.000000] NX (Execute Disable) protection: active
[    0.000000] SMBIOS 2.5 present.
[    0.000000] DMI: innotek GmbH VirtualBox/VirtualBox, BIOS VirtualBox 12/01/2006
[    0.000000] Hypervisor detected: KVM
[    0.000000] e820: last_pfn = 0x3fff0 max_arch_pfn = 0x400000000
[    0.000000] MTRR: Disabled
[    0.000000] x86/PAT: MTRRs disabled, skipping PAT initialization too.
[    0.000000] CPU MTRRs all blank - virtualized system.
[    0.000000] x86/PAT: Configuration [0-7]: WB  WT  UC- UC  WB  WT  UC- UC  
[    0.000000] found SMP MP-table at [mem 0x0009fff0-0x0009ffff]
[    0.000000] Scanning 1 areas for low memory corruption
[    0.000000] RAMDISK: [mem 0x359cf000-0x36cdefff]
[    0.000000] ACPI: Early table checksum verification disabled
[    0.000000] ACPI: RSDP 0x00000000000E0000 000024 (v02 VBOX  )
[    0.000000] ACPI: XSDT 0x000000003FFF0030 00003C (v01 VBOX   VBOXXSDT 00000001 ASL  00000061)
[    0.000000] ACPI: FACP 0x000000003FFF00F0 0000F4 (v04 VBOX   VBOXFACP 00000001 ASL  00000061)
[    0.000000] ACPI: DSDT 0x000000003FFF0470 0022EA (v02 VBOX   VBOXBIOS 00000002 INTL 20100528)
[    0.000000] ACPI: FACS 0x000000003FFF0200 000040
[    0.000000] ACPI: FACS 0x000000003FFF0200 000040
[    0.000000] ACPI: APIC 0x000000003FFF0240 00005C (v02 VBOX   VBOXAPIC 00000001 ASL  00000061)
[    0.000000] ACPI: SSDT 0x000000003FFF02A0 0001CC (v01 VBOX   VBOXCPUT 00000002 INTL 20100528)
[    0.000000] No NUMA configuration found
[    0.000000] Faking a node at [mem 0x0000000000000000-0x000000003ffeffff]
[    0.000000] NODE_DATA(0) allocated [mem 0x3ffc5000-0x3ffeffff]
[    0.000000] kvm-clock: cpu 0, msr 0:3ff44001, primary cpu clock
[    0.000000] kvm-clock: Using msrs 4b564d01 and 4b564d00
[    0.000000] kvm-clock: using sched offset of 3637224281 cycles
[    0.000000] clocksource: kvm-clock: mask: 0xffffffffffffffff max_cycles: 0x1cd42e4dffb, max_idle_ns: 881590591483 ns
[    0.000000] Zone ranges:
[    0.000000]   DMA      [mem 0x0000000000001000-0x0000000000ffffff]
[    0.000000]   DMA32    [mem 0x0000000001000000-0x000000003ffeffff]
[    0.000000]   Normal   empty
[    0.000000]   Device   empty
[    0.000000] Movable zone start for each node
[    0.000000] Early memory node ranges
[    0.000000]   node   0: [mem 0x0000000000001000-0x000000000009efff]
[    0.000000]   node   0: [mem 0x0000000000100000-0x000000003ffeffff]
[    0.000000] Reserved but unavailable: 98 pages
[    0.000000] Initmem setup node 0 [mem 0x0000000000001000-0x000000003ffeffff]
[    0.000000] ACPI: PM-Timer IO Port: 0x4008
[    0.000000] IOAPIC[0]: apic_id 2, version 32, address 0xfec00000, GSI 0-23
[    0.000000] ACPI: INT_SRC_OVR (bus 0 bus_irq 0 global_irq 2 dfl dfl)
[    0.000000] ACPI: INT_SRC_OVR (bus 0 bus_irq 9 global_irq 9 low level)
[    0.000000] Using ACPI (MADT) for SMP configuration information
[    0.000000] smpboot: Allowing 2 CPUs, 0 hotplug CPUs
[    0.000000] PM: Registered nosave memory: [mem 0x00000000-0x00000fff]
[    0.000000] PM: Registered nosave memory: [mem 0x0009f000-0x0009ffff]
[    0.000000] PM: Registered nosave memory: [mem 0x000a0000-0x000effff]
[    0.000000] PM: Registered nosave memory: [mem 0x000f0000-0x000fffff]
[    0.000000] e820: [mem 0x40000000-0xfebfffff] available for PCI devices
[    0.000000] Booting paravirtualized kernel on KVM
[    0.000000] clocksource: refined-jiffies: mask: 0xffffffff max_cycles: 0xffffffff, max_idle_ns: 7645519600211568 ns
[    0.000000] random: get_random_bytes called from start_kernel+0x99/0x500 with crng_init=0
[    0.000000] setup_percpu: NR_CPUS:8192 nr_cpumask_bits:2 nr_cpu_ids:2 nr_node_ids:1
[    0.000000] percpu: Embedded 45 pages/cpu s147456 r8192 d28672 u1048576
[    0.000000] PV qspinlock hash table entries: 256 (order: 0, 4096 bytes)
[    0.000000] Built 1 zonelists, mobility grouping on.  Total pages: 257913
[    0.000000] Policy zone: DMA32
[    0.000000] Kernel command line: BOOT_IMAGE=/boot/vmlinuz-4.15.0-142-generic root=LABEL=cloudimg-rootfs ro console=tty1 console=ttyS0
[    0.000000] Memory: 982720K/1048120K available (12300K kernel code, 2483K rwdata, 4316K rodata, 2444K init, 2724K bss, 65400K reserved, 0K cma-reserved)
[    0.000000] SLUB: HWalign=64, Order=0-3, MinObjects=0, CPUs=2, Nodes=1
[    0.000000] ftrace: allocating 39434 entries in 155 pages
[    0.004000] Hierarchical RCU implementation.
[    0.004000] 	RCU restricting CPUs from NR_CPUS=8192 to nr_cpu_ids=2.
[    0.004000] 	Tasks RCU enabled.
[    0.004000] RCU: Adjusting geometry for rcu_fanout_leaf=16, nr_cpu_ids=2
[    0.004000] NR_IRQS: 524544, nr_irqs: 440, preallocated irqs: 16
[    0.004000] Console: colour VGA+ 80x25
[    0.004000] console [tty1] enabled
[    0.004000] console [ttyS0] enabled
[    0.004000] ACPI: Core revision 20170831
[    0.004000] ACPI: 2 ACPI AML tables successfully acquired and loaded
[    0.004000] APIC: Switch to symmetric I/O mode setup
[    0.004000] x2apic enabled
[    0.004000] Switched APIC routing to physical x2apic.
[    0.004000] ..TIMER: vector=0x30 apic1=0 pin1=2 apic2=-1 pin2=-1
[    0.004004] tsc: Detected 2592.004 MHz processor
[    0.004900] Calibrating delay loop (skipped) preset value.. 5184.00 BogoMIPS (lpj=10368016)
[    0.005556] pid_max: default: 32768 minimum: 301
[    0.008031] Security Framework initialized
[    0.008836] Yama: becoming mindful.
[    0.009566] AppArmor: AppArmor initialized
[    0.011248] Dentry cache hash table entries: 131072 (order: 8, 1048576 bytes)
[    0.012053] Inode-cache hash table entries: 65536 (order: 7, 524288 bytes)
[    0.013322] Mount-cache hash table entries: 2048 (order: 2, 16384 bytes)
[    0.014552] Mountpoint-cache hash table entries: 2048 (order: 2, 16384 bytes)
[    0.016292] Last level iTLB entries: 4KB 64, 2MB 8, 4MB 8
[    0.017338] Last level dTLB entries: 4KB 64, 2MB 0, 4MB 0, 1GB 4
[    0.018451] Spectre V1 : Mitigation: usercopy/swapgs barriers and __user pointer sanitization
[    0.020018] unchecked MSR access error: WRMSR to 0x48 (tried to write 0x0000000000000001) at rIP: 0xffffffff9dc6d188 (native_write_msr+0x8/0x30)
[    0.022356] Call Trace:
[    0.022888]  wrmsrl+0x16/0x20
[    0.024005]  check_bugs+0x263/0xa1b
[    0.024713]  ? delayacct_init+0x52/0x70
[    0.025470]  start_kernel+0x4b8/0x500
[    0.026195]  x86_64_start_reservations+0x24/0x26
[    0.027078]  x86_64_start_kernel+0x74/0x77
[    0.028005]  secondary_startup_64+0xa5/0xb0
[    0.028813] Spectre V2 : Mitigation: Enhanced IBRS
[    0.029828] Spectre V2 : Spectre v2 / SpectreRSB mitigation: Filling RSB on context switch
[    0.031369] Speculative Store Bypass: Vulnerable
[    0.032177] Freeing SMP alternatives memory: 36K
[    0.144000] smpboot: CPU0: Intel(R) Core(TM) i7-10750H CPU @ 2.60GHz (family: 0x6, model: 0xa5, stepping: 0x2)
[    0.144000] Performance Events: unsupported p6 CPU model 165 no PMU driver, software events only.
[    0.144000] Hierarchical SRCU implementation.
[    0.144640] NMI watchdog: Perf event create on CPU 0 failed with -2
[    0.145838] NMI watchdog: Perf NMI watchdog permanently disabled
[    0.147014] smp: Bringing up secondary CPUs ...
[    0.148077] x86: Booting SMP configuration:
[    0.148898] .... node  #0, CPUs:      #1
[    0.004000] kvm-clock: cpu 1, msr 0:3ff44041, secondary cpu clock
[    0.152020] smp: Brought up 1 node, 2 CPUs
[    0.152804] smpboot: Max logical packages: 1
[    0.153644] smpboot: Total of 2 processors activated (10368.01 BogoMIPS)
[    0.156107] devtmpfs: initialized
[    0.156733] x86/mm: Memory block size: 128MB
[    0.157732] evm: security.selinux
[    0.158413] evm: security.SMACK64
[    0.160004] evm: security.SMACK64EXEC
[    0.160768] evm: security.SMACK64TRANSMUTE
[    0.161577] evm: security.SMACK64MMAP
[    0.162324] evm: security.apparmor
[    0.163026] evm: security.ima
[    0.164003] evm: security.capability
[    0.164758] clocksource: jiffies: mask: 0xffffffff max_cycles: 0xffffffff, max_idle_ns: 7645041785100000 ns
[    0.165837] futex hash table entries: 512 (order: 3, 32768 bytes)
[    0.168821] pinctrl core: initialized pinctrl subsystem
[    0.170004] RTC time: 12:54:26, date: 04/23/21
[    0.171056] NET: Registered protocol family 16
[    0.172076] audit: initializing netlink subsys (disabled)
[    0.173141] audit: type=2000 audit(1619182472.249:1): state=initialized audit_enabled=0 res=1
[    0.173141] cpuidle: using governor ladder
[    0.173141] cpuidle: using governor menu
[    0.176042] ACPI: bus type PCI registered
[    0.176836] acpiphp: ACPI Hot Plug PCI Controller Driver version: 0.5
[    0.178230] PCI: Using configuration type 1 for base access
[    0.181124] HugeTLB registered 2.00 MiB page size, pre-allocated 0 pages
[    0.184073] ACPI: Added _OSI(Module Device)
[    0.184900] ACPI: Added _OSI(Processor Device)
[    0.185779] ACPI: Added _OSI(3.0 _SCP Extensions)
[    0.186748] ACPI: Added _OSI(Processor Aggregator Device)
[    0.187779] ACPI: Added _OSI(Linux-Dell-Video)
[    0.188004] ACPI: Added _OSI(Linux-Lenovo-NV-HDMI-Audio)
[    0.189091] ACPI: Added _OSI(Linux-HPI-Hybrid-Graphics)
[    0.190425] ACPI: Executed 1 blocks of module-level executable AML code
[    0.195631] ACPI: Interpreter enabled
[    0.196016] ACPI: (supports S0 S5)
[    0.196718] ACPI: Using IOAPIC for interrupt routing
[    0.197928] PCI: Using host bridge windows from ACPI; if necessary, use "pci=nocrs" and report a bug
[    0.200178] ACPI: Enabled 2 GPEs in block 00 to 07
[    0.208255] ACPI: PCI Root Bridge [PCI0] (domain 0000 [bus 00-ff])
[    0.209439] acpi PNP0A03:00: _OSC: OS supports [ASPM ClockPM Segments MSI]
[    0.211288] acpi PNP0A03:00: _OSC: not requesting OS control; OS requires [ExtendedConfig ASPM ClockPM MSI]
[    0.212013] acpi PNP0A03:00: fail to add MMCONFIG information, can't access extended PCI configuration space under this bridge.
[    0.214516] PCI host bridge to bus 0000:00
[    0.216004] pci_bus 0000:00: root bus resource [io  0x0000-0x0cf7 window]
[    0.217264] pci_bus 0000:00: root bus resource [io  0x0d00-0xffff window]
[    0.218544] pci_bus 0000:00: root bus resource [mem 0x000a0000-0x000bffff window]
[    0.220004] pci_bus 0000:00: root bus resource [mem 0x40000000-0xfdffffff window]
[    0.221477] pci_bus 0000:00: root bus resource [bus 00-ff]
[    0.226189] pci 0000:00:01.1: legacy IDE quirk: reg 0x10: [io  0x01f0-0x01f7]
[    0.227521] pci 0000:00:01.1: legacy IDE quirk: reg 0x14: [io  0x03f6]
[    0.228003] pci 0000:00:01.1: legacy IDE quirk: reg 0x18: [io  0x0170-0x0177]
[    0.229362] pci 0000:00:01.1: legacy IDE quirk: reg 0x1c: [io  0x0376]
[    0.244628] pci 0000:00:07.0: quirk: [io  0x4000-0x403f] claimed by PIIX4 ACPI
[    0.246292] pci 0000:00:07.0: quirk: [io  0x4100-0x410f] claimed by PIIX4 SMB
[    0.253428] ACPI: PCI Interrupt Link [LNKA] (IRQs 5 9 10 *11)
[    0.254913] ACPI: PCI Interrupt Link [LNKB] (IRQs 5 9 *10 11)
[    0.256000] ACPI: PCI Interrupt Link [LNKC] (IRQs 5 *9 10 11)
[    0.256140] ACPI: PCI Interrupt Link [LNKD] (IRQs 5 9 10 *11)
[    0.257537] SCSI subsystem initialized
[    0.258327] pci 0000:00:02.0: vgaarb: setting as boot VGA device
[    0.258327] pci 0000:00:02.0: vgaarb: VGA device added: decodes=io+mem,owns=io+mem,locks=none
[    0.260012] pci 0000:00:02.0: vgaarb: bridge control possible
[    0.261172] vgaarb: loaded
[    0.261771] ACPI: bus type USB registered
[    0.264027] usbcore: registered new interface driver usbfs
[    0.265109] usbcore: registered new interface driver hub
[    0.266157] usbcore: registered new device driver usb
[    0.268017] EDAC MC: Ver: 3.0.0
[    0.268885] PCI: Using ACPI for IRQ routing
[    0.269132] NetLabel: Initializing
[    0.269874] NetLabel:  domain hash size = 128
[    0.270784] NetLabel:  protocols = UNLABELED CIPSOv4 CALIPSO
[    0.272021] NetLabel:  unlabeled traffic allowed by default
[    0.273105] clocksource: Switched to clocksource kvm-clock
[    0.285153] VFS: Disk quotas dquot_6.6.0
[    0.285972] VFS: Dquot-cache hash table entries: 512 (order 0, 4096 bytes)
[    0.287327] AppArmor: AppArmor Filesystem Enabled
[    0.288293] pnp: PnP ACPI init
[    0.290006] pnp: PnP ACPI: found 3 devices
[    0.300387] clocksource: acpi_pm: mask: 0xffffff max_cycles: 0xffffff, max_idle_ns: 2085701024 ns
[    0.302161] NET: Registered protocol family 2
[    0.303169] TCP established hash table entries: 8192 (order: 4, 65536 bytes)
[    0.304547] TCP bind hash table entries: 8192 (order: 5, 131072 bytes)
[    0.306533] TCP: Hash tables configured (established 8192 bind 8192)
[    0.307745] UDP hash table entries: 512 (order: 2, 16384 bytes)
[    0.308896] UDP-Lite hash table entries: 512 (order: 2, 16384 bytes)
[    0.310142] NET: Registered protocol family 1
[    0.311022] pci 0000:00:00.0: Limiting direct PCI/PCI transfers
[    0.312185] pci 0000:00:01.0: Activating ISA DMA hang workarounds
[    0.313381] pci 0000:00:02.0: Video device with shadowed ROM at [mem 0x000c0000-0x000dffff]
[    0.315103] Unpacking initramfs...
[    0.674282] Freeing initrd memory: 19520K
[    0.675324] clocksource: tsc: mask: 0xffffffffffffffff max_cycles: 0x255cbae350f, max_idle_ns: 440795327587 ns
[    0.677540] platform rtc_cmos: registered platform RTC device (no PNP device found)
[    0.679080] Scanning for low memory corruption every 60 seconds
[    0.680973] Initialise system trusted keyrings
[    0.681849] Key type blacklist registered
[    0.682792] workingset: timestamp_bits=36 max_order=18 bucket_order=0
[    0.685039] zbud: loaded
[    0.686064] squashfs: version 4.0 (2009/01/31) Phillip Lougher
[    0.687447] fuse init (API version 7.26)
[    0.690919] Key type asymmetric registered
[    0.691910] Asymmetric key parser 'x509' registered
[    0.693027] Block layer SCSI generic (bsg) driver version 0.4 loaded (major 246)
[    0.694646] io scheduler noop registered
[    0.695455] io scheduler deadline registered
[    0.696385] io scheduler cfq registered (default)
[    0.697592] ACPI: AC Adapter [AC] (on-line)
[    0.698585] input: Power Button as /devices/LNXSYSTM:00/LNXPWRBN:00/input/input0
[    0.700168] ACPI: Power Button [PWRF]
[    0.700994] input: Sleep Button as /devices/LNXSYSTM:00/LNXSLPBN:00/input/input1
[    0.702457] ACPI: Sleep Button [SLPF]
[    0.704332] Serial: 8250/16550 driver, 32 ports, IRQ sharing enabled
[    0.704353] ACPI: Battery Slot [BAT0] (battery present)
[    0.727095] 00:02: ttyS0 at I/O 0x3f8 (irq = 4, base_baud = 115200) is a 16550A
[    0.730024] Linux agpgart interface v0.103
[    0.732071] loop: module loaded
[    0.733460] scsi host0: ata_piix
[    0.734399] scsi host1: ata_piix
[    0.735107] ata1: PATA max UDMA/33 cmd 0x1f0 ctl 0x3f6 bmdma 0xd000 irq 14
[    0.736495] ata2: PATA max UDMA/33 cmd 0x170 ctl 0x376 bmdma 0xd008 irq 15
[    0.737888] libphy: Fixed MDIO Bus: probed
[    0.738817] tun: Universal TUN/TAP device driver, 1.6
[    0.739875] PPP generic driver version 2.4.2
[    0.740886] ehci_hcd: USB 2.0 'Enhanced' Host Controller (EHCI) Driver
[    0.742116] ehci-pci: EHCI PCI platform driver
[    0.743011] ehci-platform: EHCI generic platform driver
[    0.744028] ohci_hcd: USB 1.1 'Open' Host Controller (OHCI) Driver
[    0.745228] ohci-pci: OHCI PCI platform driver
[    0.746112] ohci-platform: OHCI generic platform driver
[    0.747130] uhci_hcd: USB Universal Host Controller Interface driver
[    0.748360] i8042: PNP: PS/2 Controller [PNP0303:PS2K,PNP0f03:PS2M] at 0x60,0x64 irq 1,12
[    0.750681] serio: i8042 KBD port at 0x60,0x64 irq 1
[    0.751704] serio: i8042 AUX port at 0x60,0x64 irq 12
[    0.752796] mousedev: PS/2 mouse device common for all mice
[    0.754173] input: AT Translated Set 2 keyboard as /devices/platform/i8042/serio0/input/input2
[    0.756222] rtc_cmos rtc_cmos: rtc core: registered rtc_cmos as rtc0
[    0.757507] rtc_cmos rtc_cmos: alarms up to one day, 114 bytes nvram
[    0.758749] i2c /dev entries driver
[    0.759545] device-mapper: uevent: version 1.0.3
[    0.760568] device-mapper: ioctl: 4.37.0-ioctl (2017-09-20) initialised: dm-devel@redhat.com
[    0.762326] ledtrig-cpu: registered to indicate activity on CPUs
[    0.764067] NET: Registered protocol family 10
[    0.768277] Segment Routing with IPv6
[    0.769035] NET: Registered protocol family 17
[    0.769971] Key type dns_resolver registered
[    0.770957] mce: Using 0 MCE banks
[    0.771672] RAS: Correctable Errors collector initialized.
[    0.772797] sched_clock: Marking stable (772781670, 0)->(936786056, -164004386)
[    0.774622] registered taskstats version 1
[    0.775502] Loading compiled-in X.509 certificates
[    0.778547] Loaded X.509 cert 'Build time autogenerated kernel key: 028139f94c642d40642d50ab098c4e7b0aebaa81'
[    0.781100] Loaded X.509 cert 'Canonical Ltd. Live Patch Signing: 14df34d1a87cf37625abec039ef2bf521249b969'
[    0.783658] Loaded X.509 cert 'Canonical Ltd. Kernel Module Signing: 88f752e560a1e0737e31163a466ad7b70a850c19'
[    0.785656] zswap: loaded using pool lzo/zbud
[    0.789414] Key type big_key registered
[    0.790323] Key type trusted registered
[    0.792553] Key type encrypted registered
[    0.793363] AppArmor: AppArmor sha1 policy hashing enabled
[    0.794420] ima: No TPM chip found, activating TPM-bypass! (rc=-19)
[    0.795648] ima: Allocated hash algorithm: sha1
[    0.796608] evm: HMAC attrs: 0x1
[    0.797487]   Magic number: 1:878:936
[    0.798450] rtc_cmos rtc_cmos: setting system clock to 2021-04-23 12:54:27 UTC (1619182467)
[    0.800233] BIOS EDD facility v0.16 2004-Jun-25, 0 devices found
[    0.801405] EDD information not available.
[    0.907751] Freeing unused kernel image memory: 2444K
[    0.916134] Write protecting the kernel read-only data: 20480k
[    0.922691] Freeing unused kernel image memory: 2008K
[    0.925779] Freeing unused kernel image memory: 1828K
[    0.938075] x86/mm: Checked W+X mappings: passed, no W+X pages found.
Loading, please wait...
starting version 237
[    0.995333] e1000: Intel(R) PRO/1000 Network Driver - version 7.3.21-k8-NAPI
[    0.996744] e1000: Copyright (c) 1999-2006 Intel Corporation.
[    0.999673] Fusion MPT base driver 3.04.20
[    1.000515] Copyright (c) 1999-2008 LSI Corporation
[    1.006020] Fusion MPT SPI Host driver 3.04.20
[    1.019562] AVX2 version of gcm_enc/dec engaged.
[    1.020709] AES CTR mode by8 optimization enabled
[    1.216228] input: ImExPS/2 Generic Explorer Mouse as /devices/platform/i8042/serio1/input/input4
[    1.689980] e1000 0000:00:03.0 eth0: (PCI:33MHz:32-bit) 02:f3:7b:02:da:50
[    1.691526] e1000 0000:00:03.0 eth0: Intel(R) PRO/1000 Network Connection
[    1.694376] mptbase: ioc0: Initiating bringup
[    1.694910] e1000 0000:00:03.0 enp0s3: renamed from eth0
[    2.037289] ioc0: LSI53C1030 A0: Capabilities={Initiator}
[    3.029954] scsi host2: ioc0: LSI53C1030 A0, FwRev=00000000h, Ports=1, MaxQ=256, IRQ=20
[    3.650112] scsi 2:0:0:0: Direct-Access     VBOX     HARDDISK         1.0  PQ: 0 ANSI: 5
[    3.684332] scsi target2:0:0: Beginning Domain Validation
[    3.690434] scsi target2:0:0: Domain Validation skipping write tests
[    3.691671] scsi target2:0:0: Ending Domain Validation
[    3.692768] scsi target2:0:0: asynchronous
[    3.694154] scsi 2:0:1:0: Direct-Access     VBOX     HARDDISK         1.0  PQ: 0 ANSI: 5
[    3.724472] scsi target2:0:1: Beginning Domain Validation
[    3.727746] random: fast init done
[    3.728764] scsi target2:0:1: Domain Validation skipping write tests
[    3.730012] scsi target2:0:1: Ending Domain Validation
[    3.731096] scsi target2:0:1: asynchronous
[    3.736002] random: systemd-udevd: uninitialized urandom read (16 bytes read)
[    3.736107] sd 2:0:0:0: Attached scsi generic sg0 type 0
[    3.737686] sd 2:0:0:0: [sda] 83886080 512-byte logical blocks: (42.9 GB/40.0 GiB)
[    3.738649] sd 2:0:1:0: Attached scsi generic sg1 type 0
[    3.740110] sd 2:0:0:0: [sda] Write Protect is off
[    3.742895] sd 2:0:1:0: [sdb] 20480 512-byte logical blocks: (10.5 MB/10.0 MiB)
[    3.744348] sd 2:0:1:0: [sdb] Write Protect is off
[    3.745328] sd 2:0:0:0: [sda] Incomplete mode parameter data
[    3.746430] sd 2:0:0:0: [sda] Assuming drive cache: write through
[    3.747631] sd 2:0:1:0: [sdb] Incomplete mode parameter data
[    3.748759] sd 2:0:1:0: [sdb] Assuming drive cache: write through
[    3.748839] random: systemd-udevd: uninitialized urandom read (16 bytes read)
[    3.751367] random: systemd-udevd: uninitialized urandom read (16 bytes read)
[    3.757612]  sda: sda1
[    3.758850] sd 2:0:0:0: [sda] Attached SCSI disk
[    3.760002] sd 2:0:1:0: [sdb] Attached SCSI disk
Begin: Loading essential drivers ... [    5.292419] raid6: sse2x1   gen()  8895 MB/s
[    5.340243] raid6: sse2x1   xor()  5236 MB/s
[    5.388061] raid6: sse2x2   gen() 10571 MB/s
[    5.436012] raid6: sse2x2   xor() 10201 MB/s
[    5.484669] raid6: sse2x4   gen() 20502 MB/s
[    5.532502] raid6: sse2x4   xor() 11936 MB/s
[    5.580360] raid6: avx2x1   gen() 31567 MB/s
[    5.628243] raid6: avx2x1   xor() 18402 MB/s
[    5.676029] raid6: avx2x2   gen() 32728 MB/s
[    5.724291] raid6: avx2x2   xor() 23716 MB/s
[    5.772117] raid6: avx2x4   gen() 40321 MB/s
[    5.820011] raid6: avx2x4   xor() 24078 MB/s
[    5.820573] raid6: using algorithm avx2x4 gen() 40321 MB/s
[    5.821365] raid6: .... xor() 24078 MB/s, rmw enabled
[    5.822117] raid6: using avx2x2 recovery algorithm
[    5.823439] xor: automatically using best checksumming function   avx       
[    5.824972] async_tx: api initialized (async)
done.
Begin: Running /scripts/init-premount ... done.
Begin: Mounting root file system ... Begin: Running /scripts/local-top ... done.
Begin: Running /scripts/local-premount ... [    5.852567] Btrfs loaded, crc32c=crc32c-intel
Scanning for Btrfs filesystems
done.
Warning: fsck not present, so skipping root file system
[    5.870890] EXT4-fs (sda1): INFO: recovery required on readonly filesystem
[    5.871707] EXT4-fs (sda1): write access will be enabled during recovery
[    5.885138] EXT4-fs (sda1): recovery complete
[    5.885878] EXT4-fs (sda1): mounted filesystem with ordered data mode. Opts: (null)
done.
Begin: Running /scripts/local-bottom ... done.
Begin: Running /scripts/init-bottom ... done.
[    6.014875] ip_tables: (C) 2000-2006 Netfilter Core Team
[    6.020238] systemd[1]: systemd 237 running in system mode. (+PAM +AUDIT +SELINUX +IMA +APPARMOR +SMACK +SYSVINIT +UTMP +LIBCRYPTSETUP +GCRYPT +GNUTLS +ACL +XZ +LZ4 +SECCOMP +BLKID +ELFUTILS +KMOD -IDN2 +IDN -PCRE2 default-hierarchy=hybrid)
[    6.022512] systemd[1]: Detected virtualization oracle.
[    6.023222] systemd[1]: Detected architecture x86-64.

Welcome to [1mUbuntu 18.04.5 LTS[0m!

[    6.026705] systemd[1]: Set hostname to <ubuntu-bionic>.
[    6.195519] systemd[1]: Reached target Swap.
[[0;32m  OK  [0m] Reached target Swap.
[    6.208524] systemd[1]: Reached target User and Group Name Lookups.
[[0;32m  OK  [0m] Reached target User and Group Name Lookups.
[    6.209755] systemd[1]: Reached target System Time Synchronized.
[[0;32m  OK  [0m] Reached target System Time Synchronized.
[    6.210890] systemd[1]: Started Forward Password Requests to Wall Directory Watch.
[[0;32m  OK  [0m] Started Forward Password Requests to Wall Directory Watch.
[    6.213145] systemd[1]: Created slice User and Session Slice.
[[0;32m  OK  [0m] Created slice User and Session Slice.
[    6.214378] systemd[1]: Created slice System Slice.
[[0;32m  OK  [0m] Created slice System Slice.
[[0;32m  OK  [0m] Listening on Journal Socket.
         Starting Uncomplicated firewall...
         Starting Create list of required stâ€¦ce nodes for the current kernel...
         Mounting Kernel Debug File System...
[[0;32m  OK  [0m] Listening on /dev/initctl Compatibility Named Pipe.
[[0;32m  OK  [0m] Reached target Slices.
[[0;32m  OK  [0m] Listening on Network Service Netlink Socket.
         Mounting Huge Pages File System...
         Mounting POSIX Message Queue File System...
[[0;32m  OK  [0m] Listening on udev Kernel Socket.
[[0;32m  OK  [0m] Listening on udev Control Socket.
[[0;32m  OK  [0m] Listening on Device-mapper event daemon FIFOs.
[[0;32m  OK  [0m] Listening on LVM2 poll daemon socket.
         Starting udev Coldplug all Devices...
[[0;32m  OK  [0m] Listening on Journal Audit Socket.
[[0;32m  OK  [0m] Set up automount Arbitrary Executabâ€¦rmats File System Automount Point.
         Starting Set the console keyboard layout...
         Starting Load Kernel Modules...
[[0;32m  OK  [0m] Listening on fsck to fsckd communication Socket.
[[0;32m  OK  [0m] Listening on Syslog Socket.
         Starting File System Check on Root Device...
[[0;32m  OK  [0m] Created slice system-serial\x2dgetty.slice.
[[0;32m  OK  [0m] Listening on LVM2 metadata daemon socket.
         Starting Monitoring of LVM2 mirrorsâ€¦ng dmeventd or progress polling...
[[0;32m  OK  [0m] Listening on Journal Socket (/dev/log).
         Starting Journal Service...
[[0;32m  OK  [0m] Started Uncomplicated firewall.
[[0;32m  OK  [0m] Started Create list of required staâ€¦vice nodes for the current kernel.
[[0;32m  OK  [0m] Mounted Kernel Debug File System.
[[0;32m  OK  [0m] Mounted Huge Pages File System.
[[0;32m  OK  [0m] Mounted POSIX Message Queue File System.
         Starting Create Static Device Nodes in /dev...
[    6.270558] Loading iSCSI transport class v2.0-870.
[    6.274114] iscsi: registered transport (tcp)
[[0;32m  OK  [0m] Started udev Coldplug all Devices.
[    6.284895] iscsi: registered transport (iser)
[[0;32m  OK  [0m] Started Load Kernel Modules.
         Mounting FUSE Control File System...
         Starting Apply Kernel Variables...
         Mounting Kernel Configuration File System...
[[0;32m  OK  [0m] Mounted FUSE Control File System.
[[0;32m  OK  [0m] Started File System Check Daemon to report status.
[[0;32m  OK  [0m] Mounted Kernel Configuration File System.
[[0;32m  OK  [0m] Started LVM2 metadata daemon.
[[0;32m  OK  [0m] Started Journal Service.
[[0;32m  OK  [0m] Started Create Static Device Nodes in /dev.
[[0;32m  OK  [0m] Started Apply Kernel Variables.
[[0;32m  OK  [0m] Started File System Check on Root Device.
         Starting Remount Root and Kernel File Systems...
[[0;32m  OK  [0m] Started Monitoring of LVM2 mirrors,â€¦sing dmeventd or progress polling.
[[0;32m  OK  [0m] Started Remount Root and Kernel File Systems.
         Starting Flush Journal to Persistent Storage...
         Starting udev Kernel Device Manager...
         Starting Load/Save Random Seed...
[[0;32m  OK  [0m] Started Set the console keyboard layout.
[[0;32m  OK  [0m] Reached target Local File Systems (Pre).
[[0;32m  OK  [0m] Reached target Local File Systems.
         Starting Set console font and keymap...
         Starting Tell Plymouth To Write Out Runtime Data...
         Starting ebtables ruleset management...
         Starting AppArmor initialization...
[[0;32m  OK  [0m] Started udev Kernel Device Manager.
[[0;32m  OK  [0m] Started Dispatch Password Requests to Console Directory Watch.
[[0;32m  OK  [0m] Reached target Local Encrypted Volumes.
[[0;32m  OK  [0m] Started Load/Save Random Seed.
[[0;32m  OK  [0m] Started Tell Plymouth To Write Out Runtime Data.
[[0;32m  OK  [0m] Started Set console font and keymap.
[[0;32m  OK  [0m] Started ebtables ruleset management.
[[0;32m  OK  [0m] Started Flush Journal to Persistent Storage.
         Starting Create Volatile Files and Directories...
[[0;32m  OK  [0m] Started Create Volatile Files and Directories.
         Starting Update UTMP about System Boot/Shutdown...
[[0;32m  OK  [0m] Started Update UTMP about System Boot/Shutdown.
[[0;32m  OK  [0m] Found device /dev/ttyS0.
[[0;32m  OK  [0m] Listening on Load/Save RF Kill Switch Status /dev/rfkill Watch.
[[0;32m  OK  [0m] Started AppArmor initialization.
         Starting Load AppArmor profiles managed internally by snapd...
         Starting Initial cloud-init job (pre-networking)...
[[0;32m  OK  [0m] Started Load AppArmor profiles managed internally by snapd.
[    7.417893] cloud-init[567]: Cloud-init v. 21.1-19-gbad84ad4-0ubuntu1~18.04.1 running 'init-local' at Fri, 23 Apr 2021 12:54:33 +0000. Up 7.28 seconds.
[[0;32m  OK  [0m] Started Initial cloud-init job (pre-networking).
[[0;32m  OK  [0m] Reached target Network (Pre).
         Starting Network Service...
[[0;32m  OK  [0m] Started Network Service.
         Starting Wait for Network to be Configured...
         Starting Network Name Resolution...
[[0;32m  OK  [0m] Started Network Name Resolution.
[[0;32m  OK  [0m] Reached target Host and Network Name Lookups.
[[0;32m  OK  [0m] Reached target Network.
[[0;32m  OK  [0m] Started Wait for Network to be Configured.
         Starting Initial cloud-init job (metadata service crawler)...
[    9.677109] cloud-init[684]: Cloud-init v. 21.1-19-gbad84ad4-0ubuntu1~18.04.1 running 'init' at Fri, 23 Apr 2021 12:54:36 +0000. Up 9.56 seconds.
[    9.678140] cloud-init[684]: ci-info: ++++++++++++++++++++++++++++++++++++++Net device info++++++++++++++++++++++++++++++++++++++
[    9.679073] cloud-init[684]: ci-info: +--------+------+----------------------------+---------------+--------+-------------------+
[    9.680037] cloud-init[684]: ci-info: | Device |  Up  |          Address           |      Mask     | Scope  |     Hw-Address    |
[    9.680947] cloud-init[684]: ci-info: +--------+------+----------------------------+---------------+--------+-------------------+
[    9.681885] cloud-init[684]: ci-info: | enp0s3 | True |         10.0.2.15          | 255.255.255.0 | global | 02:f3:7b:02:da:50 |
[    9.683134] cloud-init[684]: ci-info: | enp0s3 | True | fe80::f3:7bff:fe02:da50/64 |       .       |  link  | 02:f3:7b:02:da:50 |
[    9.684073] cloud-init[684]: ci-info: |   lo   | True |         127.0.0.1          |   255.0.0.0   |  host  |         .         |
[    9.685015] cloud-init[684]: ci-info: |   lo   | True |          ::1/128           |       .       |  host  |         .         |
[    9.685949] cloud-init[684]: ci-info: +--------+------+----------------------------+---------------+--------+-------------------+
[    9.686864] cloud-init[684]: ci-info: ++++++++++++++++++++++++++++Route IPv4 info+++++++++++++++++++++++++++++
[    9.687661] cloud-init[684]: ci-info: +-------+-------------+----------+-----------------+-----------+-------+
[    9.688474] cloud-init[684]: ci-info: | Route | Destination | Gateway  |     Genmask     | Interface | Flags |
[    9.689270] cloud-init[684]: ci-info: +-------+-------------+----------+-----------------+-----------+-------+
[    9.690070] cloud-init[684]: ci-info: |   0   |   0.0.0.0   | 10.0.2.2 |     0.0.0.0     |   enp0s3  |   UG  |
[    9.690862] cloud-init[684]: ci-info: |   1   |   10.0.2.0  | 0.0.0.0  |  255.255.255.0  |   enp0s3  |   U   |
[    9.691651] cloud-init[684]: ci-info: |   2   |   10.0.2.2  | 0.0.0.0  | 255.255.255.255 |   enp0s3  |   UH  |
[    9.692496] cloud-init[684]: ci-info: +-------+-------------+----------+-----------------+-----------+-------+
[    9.693245] cloud-init[684]: ci-info: +++++++++++++++++++Route IPv6 info+++++++++++++++++++
[    9.693878] cloud-init[684]: ci-info: +-------+-------------+---------+-----------+-------+
[    9.694565] cloud-init[684]: ci-info: | Route | Destination | Gateway | Interface | Flags |
[    9.695207] cloud-init[684]: ci-info: +-------+-------------+---------+-----------+-------+
[    9.695837] cloud-init[684]: ci-info: |   1   |  fe80::/64  |    ::   |   enp0s3  |   U   |
[    9.696511] cloud-init[684]: ci-info: |   3   |    local    |    ::   |   enp0s3  |   U   |
[    9.697171] cloud-init[684]: ci-info: |   4   |   ff00::/8  |    ::   |   enp0s3  |   U   |
[    9.697861] cloud-init[684]: ci-info: +-------+-------------+---------+-----------+-------+
[[0;32m  OK  [0m] Started Initial cloud-init job (metadata service crawler).
[[0;32m  OK  [0m] Reached target System Initialization.
[[0;32m  OK  [0m] Listening on UUID daemon activation socket.
         Starting Socket activation for snappy daemon.
[[0;32m  OK  [0m] Listening on Open-iSCSI iscsid Socket.
[[0;32m  OK  [0m] Started Discard unused blocks once a week.
[[0;32m  OK  [0m] Listening on D-Bus System Message Bus Socket.
         Starting LXD - unix socket.
[[0;32m  OK  [0m] Started ACPI Events Check.
[[0;32m  OK  [0m] Reached target Paths.
[[0;32m  OK  [0m] Started Daily Cleanup of Temporary Directories.
[[0;32m  OK  [0m] Started Message of the Day.
[[0;32m  OK  [0m] Listening on ACPID Listen Socket.
[[0;32m  OK  [0m] Started Daily apt upgrade and clean activities.
[[0;32m  OK  [0m] Reached target Timers.
[[0;32m  OK  [0m] Reached target Network is Online.
         Starting Availability of block devices...
[[0;32m  OK  [0m] Reached target Remote File Systems (Pre).
         Mounting /vagrant...
[[0;32m  OK  [0m] Reached target Cloud-config availability.
[[0;32m  OK  [0m] Listening on Socket activation for snappy daemon.
[[0;32m  OK  [0m] Listening on LXD - unix socket.
[[0;32m  OK  [0m] Started Availability of block devices.
[[0;32m  OK  [0m] Reached target Sockets.
[[0;32m  OK  [0m] Reached target Basic System.
         Starting Virtualbox guest utils...
         Starting Login Service...
[[0;32m  OK  [0m] Started Regular background program processing daemon.
         Starting Daily apt upgrade and clean activities...
         Starting Accounts Service...
[[0;32m  OK  [0m] Started D-Bus System Message Bus.
[[0;32m  OK  [0m] Started Login Service.
[[0;32m  OK  [0m] Started Unattended Upgrades Shutdown.
         Starting Dispatcher daemon for systemd-networkd...
         Starting OpenBSD Secure Shell server...
         Starting Message of the Day...
         Starting LXD - container startup/shutdown...
         Starting LSB: Record successful boot for GRUB...
[[0;32m  OK  [0m] Started FUSE filesystem for LXC.
[[0;32m  OK  [0m] Started irqbalance daemon.
         Starting System Logging Service...
[[0;32m  OK  [0m] Started Deferred execution scheduler.
         Starting Snap Daemon...
[[0;32m  OK  [0m] Mounted /vagrant.
[[0;32m  OK  [0m] Reached target Remote File Systems.
         Starting LSB: automatic crash report generation...
         Starting Permit User Sessions...
[[0;32m  OK  [0m] Started System Logging Service.
[[0;32m  OK  [0m] Started Permit User Sessions.
         Starting Terminate Plymouth Boot Screen...
         Starting Hold until boot process finishes up...
         Starting Authorization Manager...
[[0;32m  OK  [0m] Started Hold until boot process finishes up.
[[0;32m  OK  [0m] Started Terminate Plymouth Boot Screen.
[[0;32m  OK  [0m] Started Serial Getty on ttyS0.
         Starting Set console scheme...
[[0;32m  OK  [0m] Started OpenBSD Secure Shell server.
[[0;32m  OK  [0m] Started Authorization Manager.
[[0;32m  OK  [0m] Started Accounts Service.
[[0;32m  OK  [0m] Started Set console scheme.
[[0;32m  OK  [0m] Created slice system-getty.slice.
[[0;32m  OK  [0m] Started Getty on tty1.
[[0;32m  OK  [0m] Reached target Login Prompts.
[[0;32m  OK  [0m] Started Virtualbox guest utils.
[[0;32m  OK  [0m] Started LSB: automatic crash report generation.
[[0;32m  OK  [0m] Started LSB: Record successful boot for GRUB.
[[0;32m  OK  [0m] Started LXD - container startup/shutdown.
[[0;32m  OK  [0m] Started Dispatcher daemon for systemd-networkd.
[[0;32m  OK  [0m] Started Snap Daemon.
         Starting Wait until snapd is fully seeded...
[[0;32m  OK  [0m] Started Wait until snapd is fully seeded.
         Starting Apply the settings specified in cloud-config...
[[0;32m  OK  [0m] Reached target Multi-User System.
[[0;32m  OK  [0m] Reached target Graphical Interface.
         Starting Update UTMP about System Runlevel Changes...
[[0;32m  OK  [0m] Started Update UTMP about System Runlevel Changes.
[   11.250768] cloud-init[1237]: Cloud-init v. 21.1-19-gbad84ad4-0ubuntu1~18.04.1 running 'modules:config' at Fri, 23 Apr 2021 12:54:37 +0000. Up 11.18 seconds.
[[0;32m  OK  [0m] Started Apply the settings specified in cloud-config.
         Starting Execute cloud user/final scripts...
[   11.564915] cloud-init[1315]: Cloud-init v. 21.1-19-gbad84ad4-0ubuntu1~18.04.1 running 'modules:final' at Fri, 23 Apr 2021 12:54:38 +0000. Up 11.50 seconds.
[   11.565879] cloud-init[1315]: Cloud-init v. 21.1-19-gbad84ad4-0ubuntu1~18.04.1 finished at Fri, 23 Apr 2021 12:54:38 +0000. Datasource DataSourceNoCloud [seed=/dev/sdb][dsmode=net].  Up 11.56 seconds
[[0;32m  OK  [0m] Started Message of the Day.
[[0;32m  OK  [0m] Started Execute cloud user/final scripts.
[[0;32m  OK  [0m] Reached target Cloud-init target.

Ubuntu 18.04.5 LTS ubuntu-bionic ttyS0

ubuntu-bionic login: 